[M0] run_oracles.py --check 2026-10-01T17:32:30Z
[run_oracles] PASS 1/2
[run_oracles] $ Z:\328\CMPUT328-A2\codexworks\301\harmonizer\tools\ios-parity\.venv\Scripts\python.exe Z:\328\CMPUT328-A2\codexworks\301\harmonizer\tools\ios-parity\gen_synthetic.py --out C:\Users\Ahmed\AppData\Local\Temp\ios-parity-check-ce9zs6o6\a\audio
[run_oracles] $ Z:\328\CMPUT328-A2\codexworks\301\harmonizer\tools\ios-parity\.venv\Scripts\python.exe Z:\328\CMPUT328-A2\codexworks\301\harmonizer\tools\ios-parity\dump_layers.py --audio C:\Users\Ahmed\AppData\Local\Temp\ios-parity-check-ce9zs6o6\a\audio --out C:\Users\Ahmed\AppData\Local\Temp\ios-parity-check-ce9zs6o6\a --summary C:\Users\Ahmed\AppData\Local\Temp\ios-parity-check-ce9zs6o6\a\layers_summary.json
[run_oracles] $ C:\Program Files\nodejs\node.EXE Z:\328\CMPUT328-A2\codexworks\301\harmonizer\tools\ios-parity\js\trace.mjs --out C:\Users\Ahmed\AppData\Local\Temp\ios-parity-check-ce9zs6o6\a --ticks 5000 --seeds 1,42,0xC0FFEE --gbrt-model Z:\328\CMPUT328-A2\codexworks\301\harmonizer\rl_models\model.json
[run_oracles] $ Z:\328\CMPUT328-A2\codexworks\301\harmonizer\tools\ios-parity\.venv\Scripts\python.exe Z:\328\CMPUT328-A2\codexworks\301\harmonizer\tools\ios-parity\ref_mix.py --trace C:\Users\Ahmed\AppData\Local\Temp\ios-parity-check-ce9zs6o6\a\traces\real_acoustic\canon-v2-baseline-s1.jsonl --pcm C:\Users\Ahmed\AppData\Local\Temp\ios-parity-check-ce9zs6o6\a\audio\real_acoustic.flac --out C:\Users\Ahmed\AppData\Local\Temp\ios-parity-check-ce9zs6o6\a\refmix\canon-v2.f32 --meta C:\Users\Ahmed\AppData\Local\Temp\ios-parity-check-ce9zs6o6\a\refmix\canon-v2.json --seconds 10 --profile C:\Users\Ahmed\AppData\Local\Temp\ios-parity-check-ce9zs6o6\a\profiles\real_acoustic.json
[run_oracles] $ Z:\328\CMPUT328-A2\codexworks\301\harmonizer\tools\ios-parity\.venv\Scripts\python.exe Z:\328\CMPUT328-A2\codexworks\301\harmonizer\tools\ios-parity\ref_mix.py --trace C:\Users\Ahmed\AppData\Local\Temp\ios-parity-check-ce9zs6o6\a\traces\real_acoustic\canon-v3-baseline-s1.jsonl --pcm C:\Users\Ahmed\AppData\Local\Temp\ios-parity-check-ce9zs6o6\a\audio\real_acoustic.flac --out C:\Users\Ahmed\AppData\Local\Temp\ios-parity-check-ce9zs6o6\a\refmix\canon-v3.f32 --meta C:\Users\Ahmed\AppData\Local\Temp\ios-parity-check-ce9zs6o6\a\refmix\canon-v3.json --seconds 10 --profile C:\Users\Ahmed\AppData\Local\Temp\ios-parity-check-ce9zs6o6\a\profiles\real_acoustic.json
[run_oracles] $ Z:\328\CMPUT328-A2\codexworks\301\harmonizer\tools\ios-parity\.venv\Scripts\python.exe Z:\328\CMPUT328-A2\codexworks\301\harmonizer\tools\ios-parity\ref_mix.py --trace C:\Users\Ahmed\AppData\Local\Temp\ios-parity-check-ce9zs6o6\a\traces\real_acoustic\jukebox-v2-baseline-s1.jsonl --pcm C:\Users\Ahmed\AppData\Local\Temp\ios-parity-check-ce9zs6o6\a\audio\real_acoustic.flac --out C:\Users\Ahmed\AppData\Local\Temp\ios-parity-check-ce9zs6o6\a\refmix\jukebox-v2.f32 --meta C:\Users\Ahmed\AppData\Local\Temp\ios-parity-check-ce9zs6o6\a\refmix\jukebox-v2.json --seconds 10 --profile C:\Users\Ahmed\AppData\Local\Temp\ios-parity-check-ce9zs6o6\a\profiles\real_acoustic.json
[run_oracles] $ Z:\328\CMPUT328-A2\codexworks\301\harmonizer\tools\ios-parity\.venv\Scripts\python.exe Z:\328\CMPUT328-A2\codexworks\301\harmonizer\tools\ios-parity\ref_mix.py --trace C:\Users\Ahmed\AppData\Local\Temp\ios-parity-check-ce9zs6o6\a\traces\real_acoustic\eternal-v2-baseline-s1.jsonl --pcm C:\Users\Ahmed\AppData\Local\Temp\ios-parity-check-ce9zs6o6\a\audio\real_acoustic.flac --out C:\Users\Ahmed\AppData\Local\Temp\ios-parity-check-ce9zs6o6\a\refmix\eternal-v2.f32 --meta C:\Users\Ahmed\AppData\Local\Temp\ios-parity-check-ce9zs6o6\a\refmix\eternal-v2.json --seconds 10 --profile C:\Users\Ahmed\AppData\Local\Temp\ios-parity-check-ce9zs6o6\a\profiles\real_acoustic.json
[run_oracles] $ Z:\328\CMPUT328-A2\codexworks\301\harmonizer\tools\ios-parity\.venv\Scripts\python.exe Z:\328\CMPUT328-A2\codexworks\301\harmonizer\tools\ios-parity\ref_mix.py --trace C:\Users\Ahmed\AppData\Local\Temp\ios-parity-check-ce9zs6o6\a\traces\real_acoustic\autocrooner-v2-baseline-s1.jsonl --pcm C:\Users\Ahmed\AppData\Local\Temp\ios-parity-check-ce9zs6o6\a\audio\real_acoustic.flac --out C:\Users\Ahmed\AppData\Local\Temp\ios-parity-check-ce9zs6o6\a\refmix\autocrooner-v2.f32 --meta C:\Users\Ahmed\AppData\Local\Temp\ios-parity-check-ce9zs6o6\a\refmix\autocrooner-v2.json --seconds 10 --profile C:\Users\Ahmed\AppData\Local\Temp\ios-parity-check-ce9zs6o6\a\profiles\real_acoustic.json
[run_oracles] 1349 files hashed in 835.2s
[run_oracles] PASS 2/2
[run_oracles] $ Z:\328\CMPUT328-A2\codexworks\301\harmonizer\tools\ios-parity\.venv\Scripts\python.exe Z:\328\CMPUT328-A2\codexworks\301\harmonizer\tools\ios-parity\gen_synthetic.py --out C:\Users\Ahmed\AppData\Local\Temp\ios-parity-check-ce9zs6o6\b\audio
[run_oracles] $ Z:\328\CMPUT328-A2\codexworks\301\harmonizer\tools\ios-parity\.venv\Scripts\python.exe Z:\328\CMPUT328-A2\codexworks\301\harmonizer\tools\ios-parity\dump_layers.py --audio C:\Users\Ahmed\AppData\Local\Temp\ios-parity-check-ce9zs6o6\b\audio --out C:\Users\Ahmed\AppData\Local\Temp\ios-parity-check-ce9zs6o6\b --summary C:\Users\Ahmed\AppData\Local\Temp\ios-parity-check-ce9zs6o6\b\layers_summary.json
[run_oracles] $ C:\Program Files\nodejs\node.EXE Z:\328\CMPUT328-A2\codexworks\301\harmonizer\tools\ios-parity\js\trace.mjs --out C:\Users\Ahmed\AppData\Local\Temp\ios-parity-check-ce9zs6o6\b --ticks 5000 --seeds 1,42,0xC0FFEE --gbrt-model Z:\328\CMPUT328-A2\codexworks\301\harmonizer\rl_models\model.json
[run_oracles] $ Z:\328\CMPUT328-A2\codexworks\301\harmonizer\tools\ios-parity\.venv\Scripts\python.exe Z:\328\CMPUT328-A2\codexworks\301\harmonizer\tools\ios-parity\ref_mix.py --trace C:\Users\Ahmed\AppData\Local\Temp\ios-parity-check-ce9zs6o6\b\traces\real_acoustic\canon-v2-baseline-s1.jsonl --pcm C:\Users\Ahmed\AppData\Local\Temp\ios-parity-check-ce9zs6o6\b\audio\real_acoustic.flac --out C:\Users\Ahmed\AppData\Local\Temp\ios-parity-check-ce9zs6o6\b\refmix\canon-v2.f32 --meta C:\Users\Ahmed\AppData\Local\Temp\ios-parity-check-ce9zs6o6\b\refmix\canon-v2.json --seconds 10 --profile C:\Users\Ahmed\AppData\Local\Temp\ios-parity-check-ce9zs6o6\b\profiles\real_acoustic.json
[run_oracles] $ Z:\328\CMPUT328-A2\codexworks\301\harmonizer\tools\ios-parity\.venv\Scripts\python.exe Z:\328\CMPUT328-A2\codexworks\301\harmonizer\tools\ios-parity\ref_mix.py --trace C:\Users\Ahmed\AppData\Local\Temp\ios-parity-check-ce9zs6o6\b\traces\real_acoustic\canon-v3-baseline-s1.jsonl --pcm C:\Users\Ahmed\AppData\Local\Temp\ios-parity-check-ce9zs6o6\b\audio\real_acoustic.flac --out C:\Users\Ahmed\AppData\Local\Temp\ios-parity-check-ce9zs6o6\b\refmix\canon-v3.f32 --meta C:\Users\Ahmed\AppData\Local\Temp\ios-parity-check-ce9zs6o6\b\refmix\canon-v3.json --seconds 10 --profile C:\Users\Ahmed\AppData\Local\Temp\ios-parity-check-ce9zs6o6\b\profiles\real_acoustic.json
[run_oracles] $ Z:\328\CMPUT328-A2\codexworks\301\harmonizer\tools\ios-parity\.venv\Scripts\python.exe Z:\328\CMPUT328-A2\codexworks\301\harmonizer\tools\ios-parity\ref_mix.py --trace C:\Users\Ahmed\AppData\Local\Temp\ios-parity-check-ce9zs6o6\b\traces\real_acoustic\jukebox-v2-baseline-s1.jsonl --pcm C:\Users\Ahmed\AppData\Local\Temp\ios-parity-check-ce9zs6o6\b\audio\real_acoustic.flac --out C:\Users\Ahmed\AppData\Local\Temp\ios-parity-check-ce9zs6o6\b\refmix\jukebox-v2.f32 --meta C:\Users\Ahmed\AppData\Local\Temp\ios-parity-check-ce9zs6o6\b\refmix\jukebox-v2.json --seconds 10 --profile C:\Users\Ahmed\AppData\Local\Temp\ios-parity-check-ce9zs6o6\b\profiles\real_acoustic.json
[run_oracles] $ Z:\328\CMPUT328-A2\codexworks\301\harmonizer\tools\ios-parity\.venv\Scripts\python.exe Z:\328\CMPUT328-A2\codexworks\301\harmonizer\tools\ios-parity\ref_mix.py --trace C:\Users\Ahmed\AppData\Local\Temp\ios-parity-check-ce9zs6o6\b\traces\real_acoustic\eternal-v2-baseline-s1.jsonl --pcm C:\Users\Ahmed\AppData\Local\Temp\ios-parity-check-ce9zs6o6\b\audio\real_acoustic.flac --out C:\Users\Ahmed\AppData\Local\Temp\ios-parity-check-ce9zs6o6\b\refmix\eternal-v2.f32 --meta C:\Users\Ahmed\AppData\Local\Temp\ios-parity-check-ce9zs6o6\b\refmix\eternal-v2.json --seconds 10 --profile C:\Users\Ahmed\AppData\Local\Temp\ios-parity-check-ce9zs6o6\b\profiles\real_acoustic.json
[run_oracles] $ Z:\328\CMPUT328-A2\codexworks\301\harmonizer\tools\ios-parity\.venv\Scripts\python.exe Z:\328\CMPUT328-A2\codexworks\301\harmonizer\tools\ios-parity\ref_mix.py --trace C:\Users\Ahmed\AppData\Local\Temp\ios-parity-check-ce9zs6o6\b\traces\real_acoustic\autocrooner-v2-baseline-s1.jsonl --pcm C:\Users\Ahmed\AppData\Local\Temp\ios-parity-check-ce9zs6o6\b\audio\real_acoustic.flac --out C:\Users\Ahmed\AppData\Local\Temp\ios-parity-check-ce9zs6o6\b\refmix\autocrooner-v2.f32 --meta C:\Users\Ahmed\AppData\Local\Temp\ios-parity-check-ce9zs6o6\b\refmix\autocrooner-v2.json --seconds 10 --profile C:\Users\Ahmed\AppData\Local\Temp\ios-parity-check-ce9zs6o6\b\profiles\real_acoustic.json
[run_oracles] FAIL: committed manifest differs from a fresh run
  - 7c15a44fcb825319be2c1ae0704826d4f025ddfdc7c60bd2cac27fe5ccc7713f  LICENSES.md
[run_oracles] 1349 files hashed in 861.6s
[run_oracles] PASS: both runs produced 1349 identical hashes
oracles-exit=1

[M0] trace.mjs --check 2026-10-01T18:00:48Z
matrix real_acoustic ...
matrix real_electronic ...
matrix real_pop ...
matrix synth_click_chord_120 ...
matrix synth_mono_44100 ...
matrix synth_ramp_100_130 ...
matrix synth_silence_intro_outro ...
matrix synth_sr_22050 ...
matrix synth_sr_44100 ...
matrix synth_sr_48000 ...
matrix synth_stereo_44100 ...
matrix synth_swing_97 ...
matrix synth_waltz_34 ...
matrix real_acoustic ...
matrix real_electronic ...
matrix real_pop ...
matrix synth_click_chord_120 ...
matrix synth_mono_44100 ...
matrix synth_ramp_100_130 ...
matrix synth_silence_intro_outro ...
matrix synth_sr_22050 ...
matrix synth_sr_44100 ...
matrix synth_sr_48000 ...
matrix synth_stereo_44100 ...
matrix synth_swing_97 ...
matrix synth_waltz_34 ...
CHECK OK: 819 traces identical across two runs
CHECK OK: committed fixtures match a fresh run
trace-exit=0

[M0] run_oracles.py --check re-run after stage_versioned fix 2026-10-01T18:29:25Z
[run_oracles] PASS 1/2
[run_oracles] $ Z:\328\CMPUT328-A2\codexworks\301\harmonizer\tools\ios-parity\.venv\Scripts\python.exe Z:\328\CMPUT328-A2\codexworks\301\harmonizer\tools\ios-parity\gen_synthetic.py --out C:\Users\Ahmed\AppData\Local\Temp\ios-parity-check-y73cg8wm\a\audio
[run_oracles] $ Z:\328\CMPUT328-A2\codexworks\301\harmonizer\tools\ios-parity\.venv\Scripts\python.exe Z:\328\CMPUT328-A2\codexworks\301\harmonizer\tools\ios-parity\dump_layers.py --audio C:\Users\Ahmed\AppData\Local\Temp\ios-parity-check-y73cg8wm\a\audio --out C:\Users\Ahmed\AppData\Local\Temp\ios-parity-check-y73cg8wm\a --summary C:\Users\Ahmed\AppData\Local\Temp\ios-parity-check-y73cg8wm\a\layers_summary.json
[run_oracles] $ C:\Program Files\nodejs\node.EXE Z:\328\CMPUT328-A2\codexworks\301\harmonizer\tools\ios-parity\js\trace.mjs --out C:\Users\Ahmed\AppData\Local\Temp\ios-parity-check-y73cg8wm\a --ticks 5000 --seeds 1,42,0xC0FFEE --gbrt-model Z:\328\CMPUT328-A2\codexworks\301\harmonizer\rl_models\model.json
[run_oracles] $ Z:\328\CMPUT328-A2\codexworks\301\harmonizer\tools\ios-parity\.venv\Scripts\python.exe Z:\328\CMPUT328-A2\codexworks\301\harmonizer\tools\ios-parity\ref_mix.py --trace C:\Users\Ahmed\AppData\Local\Temp\ios-parity-check-y73cg8wm\a\traces\real_acoustic\canon-v2-baseline-s1.jsonl --pcm C:\Users\Ahmed\AppData\Local\Temp\ios-parity-check-y73cg8wm\a\audio\real_acoustic.flac --out C:\Users\Ahmed\AppData\Local\Temp\ios-parity-check-y73cg8wm\a\refmix\canon-v2.f32 --meta C:\Users\Ahmed\AppData\Local\Temp\ios-parity-check-y73cg8wm\a\refmix\canon-v2.json --seconds 10 --profile C:\Users\Ahmed\AppData\Local\Temp\ios-parity-check-y73cg8wm\a\profiles\real_acoustic.json
[run_oracles] $ Z:\328\CMPUT328-A2\codexworks\301\harmonizer\tools\ios-parity\.venv\Scripts\python.exe Z:\328\CMPUT328-A2\codexworks\301\harmonizer\tools\ios-parity\ref_mix.py --trace C:\Users\Ahmed\AppData\Local\Temp\ios-parity-check-y73cg8wm\a\traces\real_acoustic\canon-v3-baseline-s1.jsonl --pcm C:\Users\Ahmed\AppData\Local\Temp\ios-parity-check-y73cg8wm\a\audio\real_acoustic.flac --out C:\Users\Ahmed\AppData\Local\Temp\ios-parity-check-y73cg8wm\a\refmix\canon-v3.f32 --meta C:\Users\Ahmed\AppData\Local\Temp\ios-parity-check-y73cg8wm\a\refmix\canon-v3.json --seconds 10 --profile C:\Users\Ahmed\AppData\Local\Temp\ios-parity-check-y73cg8wm\a\profiles\real_acoustic.json
[run_oracles] $ Z:\328\CMPUT328-A2\codexworks\301\harmonizer\tools\ios-parity\.venv\Scripts\python.exe Z:\328\CMPUT328-A2\codexworks\301\harmonizer\tools\ios-parity\ref_mix.py --trace C:\Users\Ahmed\AppData\Local\Temp\ios-parity-check-y73cg8wm\a\traces\real_acoustic\jukebox-v2-baseline-s1.jsonl --pcm C:\Users\Ahmed\AppData\Local\Temp\ios-parity-check-y73cg8wm\a\audio\real_acoustic.flac --out C:\Users\Ahmed\AppData\Local\Temp\ios-parity-check-y73cg8wm\a\refmix\jukebox-v2.f32 --meta C:\Users\Ahmed\AppData\Local\Temp\ios-parity-check-y73cg8wm\a\refmix\jukebox-v2.json --seconds 10 --profile C:\Users\Ahmed\AppData\Local\Temp\ios-parity-check-y73cg8wm\a\profiles\real_acoustic.json
[run_oracles] $ Z:\328\CMPUT328-A2\codexworks\301\harmonizer\tools\ios-parity\.venv\Scripts\python.exe Z:\328\CMPUT328-A2\codexworks\301\harmonizer\tools\ios-parity\ref_mix.py --trace C:\Users\Ahmed\AppData\Local\Temp\ios-parity-check-y73cg8wm\a\traces\real_acoustic\eternal-v2-baseline-s1.jsonl --pcm C:\Users\Ahmed\AppData\Local\Temp\ios-parity-check-y73cg8wm\a\audio\real_acoustic.flac --out C:\Users\Ahmed\AppData\Local\Temp\ios-parity-check-y73cg8wm\a\refmix\eternal-v2.f32 --meta C:\Users\Ahmed\AppData\Local\Temp\ios-parity-check-y73cg8wm\a\refmix\eternal-v2.json --seconds 10 --profile C:\Users\Ahmed\AppData\Local\Temp\ios-parity-check-y73cg8wm\a\profiles\real_acoustic.json
[run_oracles] $ Z:\328\CMPUT328-A2\codexworks\301\harmonizer\tools\ios-parity\.venv\Scripts\python.exe Z:\328\CMPUT328-A2\codexworks\301\harmonizer\tools\ios-parity\ref_mix.py --trace C:\Users\Ahmed\AppData\Local\Temp\ios-parity-check-y73cg8wm\a\traces\real_acoustic\autocrooner-v2-baseline-s1.jsonl --pcm C:\Users\Ahmed\AppData\Local\Temp\ios-parity-check-y73cg8wm\a\audio\real_acoustic.flac --out C:\Users\Ahmed\AppData\Local\Temp\ios-parity-check-y73cg8wm\a\refmix\autocrooner-v2.f32 --meta C:\Users\Ahmed\AppData\Local\Temp\ios-parity-check-y73cg8wm\a\refmix\autocrooner-v2.json --seconds 10 --profile C:\Users\Ahmed\AppData\Local\Temp\ios-parity-check-y73cg8wm\a\profiles\real_acoustic.json
[run_oracles] 1350 files hashed in 992.3s
[run_oracles] PASS 2/2
[run_oracles] $ Z:\328\CMPUT328-A2\codexworks\301\harmonizer\tools\ios-parity\.venv\Scripts\python.exe Z:\328\CMPUT328-A2\codexworks\301\harmonizer\tools\ios-parity\gen_synthetic.py --out C:\Users\Ahmed\AppData\Local\Temp\ios-parity-check-y73cg8wm\b\audio
[run_oracles] $ Z:\328\CMPUT328-A2\codexworks\301\harmonizer\tools\ios-parity\.venv\Scripts\python.exe Z:\328\CMPUT328-A2\codexworks\301\harmonizer\tools\ios-parity\dump_layers.py --audio C:\Users\Ahmed\AppData\Local\Temp\ios-parity-check-y73cg8wm\b\audio --out C:\Users\Ahmed\AppData\Local\Temp\ios-parity-check-y73cg8wm\b --summary C:\Users\Ahmed\AppData\Local\Temp\ios-parity-check-y73cg8wm\b\layers_summary.json
[run_oracles] $ C:\Program Files\nodejs\node.EXE Z:\328\CMPUT328-A2\codexworks\301\harmonizer\tools\ios-parity\js\trace.mjs --out C:\Users\Ahmed\AppData\Local\Temp\ios-parity-check-y73cg8wm\b --ticks 5000 --seeds 1,42,0xC0FFEE --gbrt-model Z:\328\CMPUT328-A2\codexworks\301\harmonizer\rl_models\model.json
[run_oracles] $ Z:\328\CMPUT328-A2\codexworks\301\harmonizer\tools\ios-parity\.venv\Scripts\python.exe Z:\328\CMPUT328-A2\codexworks\301\harmonizer\tools\ios-parity\ref_mix.py --trace C:\Users\Ahmed\AppData\Local\Temp\ios-parity-check-y73cg8wm\b\traces\real_acoustic\canon-v2-baseline-s1.jsonl --pcm C:\Users\Ahmed\AppData\Local\Temp\ios-parity-check-y73cg8wm\b\audio\real_acoustic.flac --out C:\Users\Ahmed\AppData\Local\Temp\ios-parity-check-y73cg8wm\b\refmix\canon-v2.f32 --meta C:\Users\Ahmed\AppData\Local\Temp\ios-parity-check-y73cg8wm\b\refmix\canon-v2.json --seconds 10 --profile C:\Users\Ahmed\AppData\Local\Temp\ios-parity-check-y73cg8wm\b\profiles\real_acoustic.json
[run_oracles] $ Z:\328\CMPUT328-A2\codexworks\301\harmonizer\tools\ios-parity\.venv\Scripts\python.exe Z:\328\CMPUT328-A2\codexworks\301\harmonizer\tools\ios-parity\ref_mix.py --trace C:\Users\Ahmed\AppData\Local\Temp\ios-parity-check-y73cg8wm\b\traces\real_acoustic\canon-v3-baseline-s1.jsonl --pcm C:\Users\Ahmed\AppData\Local\Temp\ios-parity-check-y73cg8wm\b\audio\real_acoustic.flac --out C:\Users\Ahmed\AppData\Local\Temp\ios-parity-check-y73cg8wm\b\refmix\canon-v3.f32 --meta C:\Users\Ahmed\AppData\Local\Temp\ios-parity-check-y73cg8wm\b\refmix\canon-v3.json --seconds 10 --profile C:\Users\Ahmed\AppData\Local\Temp\ios-parity-check-y73cg8wm\b\profiles\real_acoustic.json
[run_oracles] $ Z:\328\CMPUT328-A2\codexworks\301\harmonizer\tools\ios-parity\.venv\Scripts\python.exe Z:\328\CMPUT328-A2\codexworks\301\harmonizer\tools\ios-parity\ref_mix.py --trace C:\Users\Ahmed\AppData\Local\Temp\ios-parity-check-y73cg8wm\b\traces\real_acoustic\jukebox-v2-baseline-s1.jsonl --pcm C:\Users\Ahmed\AppData\Local\Temp\ios-parity-check-y73cg8wm\b\audio\real_acoustic.flac --out C:\Users\Ahmed\AppData\Local\Temp\ios-parity-check-y73cg8wm\b\refmix\jukebox-v2.f32 --meta C:\Users\Ahmed\AppData\Local\Temp\ios-parity-check-y73cg8wm\b\refmix\jukebox-v2.json --seconds 10 --profile C:\Users\Ahmed\AppData\Local\Temp\ios-parity-check-y73cg8wm\b\profiles\real_acoustic.json
[run_oracles] $ Z:\328\CMPUT328-A2\codexworks\301\harmonizer\tools\ios-parity\.venv\Scripts\python.exe Z:\328\CMPUT328-A2\codexworks\301\harmonizer\tools\ios-parity\ref_mix.py --trace C:\Users\Ahmed\AppData\Local\Temp\ios-parity-check-y73cg8wm\b\traces\real_acoustic\eternal-v2-baseline-s1.jsonl --pcm C:\Users\Ahmed\AppData\Local\Temp\ios-parity-check-y73cg8wm\b\audio\real_acoustic.flac --out C:\Users\Ahmed\AppData\Local\Temp\ios-parity-check-y73cg8wm\b\refmix\eternal-v2.f32 --meta C:\Users\Ahmed\AppData\Local\Temp\ios-parity-check-y73cg8wm\b\refmix\eternal-v2.json --seconds 10 --profile C:\Users\Ahmed\AppData\Local\Temp\ios-parity-check-y73cg8wm\b\profiles\real_acoustic.json
[run_oracles] $ Z:\328\CMPUT328-A2\codexworks\301\harmonizer\tools\ios-parity\.venv\Scripts\python.exe Z:\328\CMPUT328-A2\codexworks\301\harmonizer\tools\ios-parity\ref_mix.py --trace C:\Users\Ahmed\AppData\Local\Temp\ios-parity-check-y73cg8wm\b\traces\real_acoustic\autocrooner-v2-baseline-s1.jsonl --pcm C:\Users\Ahmed\AppData\Local\Temp\ios-parity-check-y73cg8wm\b\audio\real_acoustic.flac --out C:\Users\Ahmed\AppData\Local\Temp\ios-parity-check-y73cg8wm\b\refmix\autocrooner-v2.f32 --meta C:\Users\Ahmed\AppData\Local\Temp\ios-parity-check-y73cg8wm\b\refmix\autocrooner-v2.json --seconds 10 --profile C:\Users\Ahmed\AppData\Local\Temp\ios-parity-check-y73cg8wm\b\profiles\real_acoustic.json
[run_oracles] 1350 files hashed in 971.1s
[run_oracles] PASS: both runs produced 1350 identical hashes
[run_oracles] PASS: committed manifest matches a fresh run
oracles-recheck-exit=0
